// Jest Snapshot v1, https://goo.gl/fbAQLP

exports[`App (Function Component) Renders correctly 1`] = `
ReactWrapper {
  Symbol(enzyme.__renderer__): Object {
    "batchedUpdates": [Function],
    "getNode": [Function],
    "getWrappingComponentRenderer": [Function],
    "render": [Function],
    "simulateError": [Function],
    "simulateEvent": [Function],
    "unmount": [Function],
    "wrapInvoke": [Function],
  },
  Symbol(enzyme.__root__): [Circular],
  Symbol(enzyme.__node__): Object {
    "instance": null,
    "key": undefined,
    "nodeType": "function",
    "props": Object {},
    "ref": null,
    "rendered": Object {
      "instance": <section>
        <h2>
                Loot Check (Function Component)
        </h2>
</section>,
      "key": undefined,
      "nodeType": "host",
      "props": Object {
        "children": <h2>
          Loot Check (Function Component)
</h2>,
      },
      "ref": null,
      "rendered": Array [
        Object {
          "instance": <h2>
            Loot Check (Function Component)
</h2>,
          "key": undefined,
          "nodeType": "host",
          "props": Object {
            "children": "Loot Check (Function Component)",
          },
          "ref": null,
          "rendered": Array [
            "Loot Check (Function Component)",
          ],
          "type": "h2",
        },
      ],
      "type": "section",
    },
    "type": [Function],
  },
  Symbol(enzyme.__nodes__): Array [
    Object {
      "instance": null,
      "key": undefined,
      "nodeType": "function",
      "props": Object {},
      "ref": null,
      "rendered": Object {
        "instance": <section>
          <h2>
                    Loot Check (Function Component)
          </h2>
</section>,
        "key": undefined,
        "nodeType": "host",
        "props": Object {
          "children": <h2>
            Loot Check (Function Component)
</h2>,
        },
        "ref": null,
        "rendered": Array [
          Object {
            "instance": <h2>
              Loot Check (Function Component)
</h2>,
            "key": undefined,
            "nodeType": "host",
            "props": Object {
              "children": "Loot Check (Function Component)",
            },
            "ref": null,
            "rendered": Array [
              "Loot Check (Function Component)",
            ],
            "type": "h2",
          },
        ],
        "type": "section",
      },
      "type": [Function],
    },
  ],
  Symbol(enzyme.__options__): Object {
    "adapter": ReactSixteenAdapter {
      "options": Object {
        "enableComponentDidUpdateOnSetState": true,
        "legacyContextMode": "parent",
        "lifecycles": Object {
          "componentDidUpdate": Object {
            "onSetState": true,
          },
          "getChildContext": Object {
            "calledByRenderer": false,
          },
          "getDerivedStateFromError": true,
          "getDerivedStateFromProps": Object {
            "hasShouldComponentUpdateBug": false,
          },
          "getSnapshotBeforeUpdate": true,
          "setState": Object {
            "skipsComponentDidUpdateOnNullish": true,
          },
        },
      },
    },
    "disableLifecycleMethods": true,
  },
  Symbol(enzyme.__linkedRoots__): Array [],
  Symbol(enzyme.__unrendered__): <AppFunctionComponent />,
  Symbol(enzyme.__updatedBy__): null,
}
`;
